// Jest Snapshot v1, https://goo.gl/fbAQLP

exports[`All renders properly 1`] = `
<div>
  <ul>
    <li>
      Game One
    </li>
    <li>
      Game Two
    </li>
  </ul>
</div>
`;
